// Jest Snapshot v1, https://goo.gl/fbAQLP

exports[`<App /> should match the snapshot 1`] = `
<div>
  <div
    class="sc-bcXHqe jxqCzq"
  >
    <div
      class="sc-hLBbgP beMrxu"
    >
      <button
        class="sc-eDvSVe eicupT"
        data-testid="flippable-card-0"
      />
      <button
        class="sc-eDvSVe eicupT"
        data-testid="flippable-card-1"
      />
      <button
        class="sc-eDvSVe eicupT"
        data-testid="flippable-card-2"
      />
      <button
        class="sc-eDvSVe eicupT"
        data-testid="flippable-card-3"
      />
      <button
        class="sc-eDvSVe eicupT"
        data-testid="flippable-card-4"
      />
      <button
        class="sc-eDvSVe eicupT"
        data-testid="flippable-card-5"
      />
      <button
        class="sc-eDvSVe eicupT"
        data-testid="flippable-card-6"
      />
      <button
        class="sc-eDvSVe eicupT"
        data-testid="flippable-card-7"
      />
      <button
        class="sc-eDvSVe eicupT"
        data-testid="flippable-card-8"
      />
      <button
        class="sc-eDvSVe eicupT"
        data-testid="flippable-card-9"
      />
      <button
        class="sc-eDvSVe eicupT"
        data-testid="flippable-card-10"
      />
      <button
        class="sc-eDvSVe eicupT"
        data-testid="flippable-card-11"
      />
      <button
        class="sc-eDvSVe eicupT"
        data-testid="flippable-card-12"
      />
      <button
        class="sc-eDvSVe eicupT"
        data-testid="flippable-card-13"
      />
      <button
        class="sc-eDvSVe eicupT"
        data-testid="flippable-card-14"
      />
      <button
        class="sc-eDvSVe eicupT"
        data-testid="flippable-card-15"
      />
    </div>
    <button
      class="sc-gswNZR kCorOY"
    >
      Restart
    </button>
  </div>
</div>
`;
